{
  "version": "1.5.0",
  "plugins_used": [
    {
      "name": "ArtifactoryDetector"
    },
    {
      "name": "AWSKeyDetector"
    },
    {
      "name": "AzureStorageKeyDetector"
    },
    {
      "name": "Base64HighEntropyString",
      "limit": 4.5
    },
    {
      "name": "BasicAuthDetector"
    },
    {
      "name": "CloudantDetector"
    },
    {
      "name": "DiscordBotTokenDetector"
    },
    {
      "name": "GitHubTokenDetector"
    },
    {
      "name": "GitLabTokenDetector"
    },
    {
      "name": "HexHighEntropyString",
      "limit": 3.0
    },
    {
      "name": "IbmCloudIamDetector"
    },
    {
      "name": "IbmCosHmacDetector"
    },
    {
      "name": "IPPublicDetector"
    },
    {
      "name": "JwtTokenDetector"
    },
    {
      "name": "KeywordDetector",
      "keyword_exclude": ""
    },
    {
      "name": "MailchimpDetector"
    },
    {
      "name": "NpmDetector"
    },
    {
      "name": "OpenAIDetector"
    },
    {
      "name": "PrivateKeyDetector"
    },
    {
      "name": "PypiTokenDetector"
    },
    {
      "name": "SendGridDetector"
    },
    {
      "name": "SlackDetector"
    },
    {
      "name": "SoftlayerDetector"
    },
    {
      "name": "SquareOAuthDetector"
    },
    {
      "name": "StripeDetector"
    },
    {
      "name": "TelegramBotTokenDetector"
    },
    {
      "name": "TwilioKeyDetector"
    }
  ],
  "filters_used": [
    {
      "path": "detect_secrets.filters.allowlist.is_line_allowlisted"
    },
    {
      "path": "detect_secrets.filters.common.is_baseline_file",
      "filename": ".secrets.baseline"
    },
    {
      "path": "detect_secrets.filters.common.is_ignored_due_to_verification_policies",
      "min_level": 2
    },
    {
      "path": "detect_secrets.filters.heuristic.is_indirect_reference"
    },
    {
      "path": "detect_secrets.filters.heuristic.is_likely_id_string"
    },
    {
      "path": "detect_secrets.filters.heuristic.is_lock_file"
    },
    {
      "path": "detect_secrets.filters.heuristic.is_not_alphanumeric_string"
    },
    {
      "path": "detect_secrets.filters.heuristic.is_potential_uuid"
    },
    {
      "path": "detect_secrets.filters.heuristic.is_prefixed_with_dollar_sign"
    },
    {
      "path": "detect_secrets.filters.heuristic.is_sequential_string"
    },
    {
      "path": "detect_secrets.filters.heuristic.is_swagger_file"
    },
    {
      "path": "detect_secrets.filters.heuristic.is_templated_secret"
    },
    {
      "path": "detect_secrets.filters.regex.should_exclude_file",
      "pattern": [
        "secrets/.*",
        "collections/.*",
        "\\.claude/.*",
        "\\.cache/.*"
      ]
    }
  ],
  "results": {
    "CLAUDE.md": [
      {
        "type": "Secret Keyword",
        "filename": "CLAUDE.md",
        "hashed_secret": "0610c61d0f5a69699e9de431e39afb69a11ab41d",
        "is_verified": false,
        "line_number": 31
      },
      {
        "type": "Secret Keyword",
        "filename": "CLAUDE.md",
        "hashed_secret": "723ec5f27ce55b03a44f3b9afc232eaf5197f51a",
        "is_verified": false,
        "line_number": 37
      }
    ],
    "agnosticv/catalog/mas-world-2026-dev.yml": [
      {
        "type": "Secret Keyword",
        "filename": "agnosticv/catalog/mas-world-2026-dev.yml",
        "hashed_secret": "920f8f5815b381ea692e9e7c2f7119f2b1aa620a",
        "is_verified": false,
        "line_number": 92
      },
      {
        "type": "Secret Keyword",
        "filename": "agnosticv/catalog/mas-world-2026-dev.yml",
        "hashed_secret": "fc608463e067ae505a2cfe33ef11be6b2537c4b1",
        "is_verified": false,
        "line_number": 116
      },
      {
        "type": "Secret Keyword",
        "filename": "agnosticv/catalog/mas-world-2026-dev.yml",
        "hashed_secret": "bff56b98ea1aea9bde7d9a0c37f6805aad80bb85",
        "is_verified": false,
        "line_number": 118
      }
    ],
    "agnosticv/catalog/mas-world-2026-rehearsal.yml": [
      {
        "type": "Secret Keyword",
        "filename": "agnosticv/catalog/mas-world-2026-rehearsal.yml",
        "hashed_secret": "fc608463e067ae505a2cfe33ef11be6b2537c4b1",
        "is_verified": false,
        "line_number": 112
      },
      {
        "type": "Secret Keyword",
        "filename": "agnosticv/catalog/mas-world-2026-rehearsal.yml",
        "hashed_secret": "bff56b98ea1aea9bde7d9a0c37f6805aad80bb85",
        "is_verified": false,
        "line_number": 114
      }
    ],
    "agnosticv/catalog/mas-world-2026-workshop.yml": [
      {
        "type": "Secret Keyword",
        "filename": "agnosticv/catalog/mas-world-2026-workshop.yml",
        "hashed_secret": "fc608463e067ae505a2cfe33ef11be6b2537c4b1",
        "is_verified": false,
        "line_number": 120
      },
      {
        "type": "Secret Keyword",
        "filename": "agnosticv/catalog/mas-world-2026-workshop.yml",
        "hashed_secret": "bff56b98ea1aea9bde7d9a0c37f6805aad80bb85",
        "is_verified": false,
        "line_number": 122
      }
    ],
    "agnosticv/docs/existing-cluster-workflow.md": [
      {
        "type": "Secret Keyword",
        "filename": "agnosticv/docs/existing-cluster-workflow.md",
        "hashed_secret": "3bcf69795d34adbde92332743e456d7f435d64cb",
        "is_verified": false,
        "line_number": 100
      }
    ],
    "agnosticv/vars/common.yml": [
      {
        "type": "Secret Keyword",
        "filename": "agnosticv/vars/common.yml",
        "hashed_secret": "67bd5810ec8162548419905bc9769ccf95fe3a1f",
        "is_verified": false,
        "line_number": 119
      },
      {
        "type": "Secret Keyword",
        "filename": "agnosticv/vars/common.yml",
        "hashed_secret": "f8cd942d456033b4472c4b005e6f9402d278f3db",
        "is_verified": false,
        "line_number": 121
      },
      {
        "type": "Secret Keyword",
        "filename": "agnosticv/vars/common.yml",
        "hashed_secret": "920f8f5815b381ea692e9e7c2f7119f2b1aa620a",
        "is_verified": false,
        "line_number": 138
      },
      {
        "type": "Secret Keyword",
        "filename": "agnosticv/vars/common.yml",
        "hashed_secret": "fc608463e067ae505a2cfe33ef11be6b2537c4b1",
        "is_verified": false,
        "line_number": 147
      },
      {
        "type": "Secret Keyword",
        "filename": "agnosticv/vars/common.yml",
        "hashed_secret": "bff56b98ea1aea9bde7d9a0c37f6805aad80bb85",
        "is_verified": false,
        "line_number": 150
      }
    ],
    "agnosticv/vars/development.yml": [
      {
        "type": "Secret Keyword",
        "filename": "agnosticv/vars/development.yml",
        "hashed_secret": "920f8f5815b381ea692e9e7c2f7119f2b1aa620a",
        "is_verified": false,
        "line_number": 29
      }
    ],
    "agnosticv/vars/event.yml": [
      {
        "type": "Secret Keyword",
        "filename": "agnosticv/vars/event.yml",
        "hashed_secret": "37022621087a15ce3e147c25866e0670542a40d2",
        "is_verified": false,
        "line_number": 28
      }
    ],
    "agnosticv/vars/rehearsal.yml": [
      {
        "type": "Secret Keyword",
        "filename": "agnosticv/vars/rehearsal.yml",
        "hashed_secret": "37022621087a15ce3e147c25866e0670542a40d2",
        "is_verified": false,
        "line_number": 21
      }
    ],
    "cli/commands/students.py": [
      {
        "type": "Secret Keyword",
        "filename": "cli/commands/students.py",
        "hashed_secret": "5286b7c9f7a7b1838e488f213354d27cf1361f90",
        "is_verified": false,
        "line_number": 631
      }
    ],
    "cli/config/schema.py": [
      {
        "type": "Secret Keyword",
        "filename": "cli/config/schema.py",
        "hashed_secret": "81f47883ded75c9751cc0eabc36bad80acac7a50",
        "is_verified": false,
        "line_number": 15
      },
      {
        "type": "Secret Keyword",
        "filename": "cli/config/schema.py",
        "hashed_secret": "5baa61e4c9b93f3f0682250b6cf8331b7ee68fd8",
        "is_verified": false,
        "line_number": 16
      },
      {
        "type": "Secret Keyword",
        "filename": "cli/config/schema.py",
        "hashed_secret": "aadb66aa192ab7df077698a87af2198acb529772",
        "is_verified": false,
        "line_number": 36
      }
    ],
    "config/credentials.yaml": [
      {
        "type": "Secret Keyword",
        "filename": "config/credentials.yaml",
        "hashed_secret": "bff56b98ea1aea9bde7d9a0c37f6805aad80bb85",
        "is_verified": false,
        "line_number": 11
      }
    ],
    "config/defaults.yaml": [
      {
        "type": "Secret Keyword",
        "filename": "config/defaults.yaml",
        "hashed_secret": "fe86558143c0bd528f649a153bdc32b8fa90301c",
        "is_verified": false,
        "line_number": 57
      },
      {
        "type": "Secret Keyword",
        "filename": "config/defaults.yaml",
        "hashed_secret": "f8cd942d456033b4472c4b005e6f9402d278f3db",
        "is_verified": false,
        "line_number": 71
      },
      {
        "type": "Secret Keyword",
        "filename": "config/defaults.yaml",
        "hashed_secret": "dd2893f8931b4a86fc116faf30e8675e62dd59be",
        "is_verified": false,
        "line_number": 93
      }
    ],
    "docs/cluster-onboarding-guide.md": [
      {
        "type": "Secret Keyword",
        "filename": "docs/cluster-onboarding-guide.md",
        "hashed_secret": "535ba94c38dbd49f3682ddbfbfa0d5d432e1075f",
        "is_verified": false,
        "line_number": 61
      },
      {
        "type": "Secret Keyword",
        "filename": "docs/cluster-onboarding-guide.md",
        "hashed_secret": "e8964aa5aa9fea46cbfdbd4bd4c3898a9fcc5e25",
        "is_verified": false,
        "line_number": 65
      },
      {
        "type": "Secret Keyword",
        "filename": "docs/cluster-onboarding-guide.md",
        "hashed_secret": "bfeee016abc576d3e121e8f49c7af42767a0ca6d",
        "is_verified": false,
        "line_number": 99
      },
      {
        "type": "Secret Keyword",
        "filename": "docs/cluster-onboarding-guide.md",
        "hashed_secret": "c5875c2eecd53a90fb09043c00d1476a1ed48542",
        "is_verified": false,
        "line_number": 166
      }
    ],
    "docs/configuration-model.md": [
      {
        "type": "Secret Keyword",
        "filename": "docs/configuration-model.md",
        "hashed_secret": "f8cd942d456033b4472c4b005e6f9402d278f3db",
        "is_verified": false,
        "line_number": 98
      },
      {
        "type": "Secret Keyword",
        "filename": "docs/configuration-model.md",
        "hashed_secret": "dd2893f8931b4a86fc116faf30e8675e62dd59be",
        "is_verified": false,
        "line_number": 119
      },
      {
        "type": "Secret Keyword",
        "filename": "docs/configuration-model.md",
        "hashed_secret": "e8964aa5aa9fea46cbfdbd4bd4c3898a9fcc5e25",
        "is_verified": false,
        "line_number": 194
      },
      {
        "type": "Secret Keyword",
        "filename": "docs/configuration-model.md",
        "hashed_secret": "b02dff0ec9d24823e77c27c281a852247896b86d",
        "is_verified": false,
        "line_number": 200
      },
      {
        "type": "Secret Keyword",
        "filename": "docs/configuration-model.md",
        "hashed_secret": "49a4ac23bb038096f2941f0ca0938499f6670bbe",
        "is_verified": false,
        "line_number": 220
      },
      {
        "type": "Secret Keyword",
        "filename": "docs/configuration-model.md",
        "hashed_secret": "bff56b98ea1aea9bde7d9a0c37f6805aad80bb85",
        "is_verified": false,
        "line_number": 223
      },
      {
        "type": "Secret Keyword",
        "filename": "docs/configuration-model.md",
        "hashed_secret": "118c413f3fc929a1624f4c3e1da1e3d24377a693",
        "is_verified": false,
        "line_number": 323
      }
    ],
    "docs/configuration-reference.md": [
      {
        "type": "Secret Keyword",
        "filename": "docs/configuration-reference.md",
        "hashed_secret": "e8964aa5aa9fea46cbfdbd4bd4c3898a9fcc5e25",
        "is_verified": false,
        "line_number": 262
      },
      {
        "type": "Secret Keyword",
        "filename": "docs/configuration-reference.md",
        "hashed_secret": "b02dff0ec9d24823e77c27c281a852247896b86d",
        "is_verified": false,
        "line_number": 268
      },
      {
        "type": "Secret Keyword",
        "filename": "docs/configuration-reference.md",
        "hashed_secret": "49a4ac23bb038096f2941f0ca0938499f6670bbe",
        "is_verified": false,
        "line_number": 304
      },
      {
        "type": "Secret Keyword",
        "filename": "docs/configuration-reference.md",
        "hashed_secret": "bff56b98ea1aea9bde7d9a0c37f6805aad80bb85",
        "is_verified": false,
        "line_number": 307
      }
    ],
    "docs/credential-lifecycle.md": [
      {
        "type": "Secret Keyword",
        "filename": "docs/credential-lifecycle.md",
        "hashed_secret": "0dc77dec51b20e73e5bde0723b985a66a8d1d858",
        "is_verified": false,
        "line_number": 49
      }
    ],
    "docs/installation-guide.md": [
      {
        "type": "Secret Keyword",
        "filename": "docs/installation-guide.md",
        "hashed_secret": "49a4ac23bb038096f2941f0ca0938499f6670bbe",
        "is_verified": false,
        "line_number": 191
      },
      {
        "type": "Secret Keyword",
        "filename": "docs/installation-guide.md",
        "hashed_secret": "bff56b98ea1aea9bde7d9a0c37f6805aad80bb85",
        "is_verified": false,
        "line_number": 194
      },
      {
        "type": "Secret Keyword",
        "filename": "docs/installation-guide.md",
        "hashed_secret": "3bcf69795d34adbde92332743e456d7f435d64cb",
        "is_verified": false,
        "line_number": 205
      }
    ],
    "docs/masworld-specification.md": [
      {
        "type": "Secret Keyword",
        "filename": "docs/masworld-specification.md",
        "hashed_secret": "f8cd942d456033b4472c4b005e6f9402d278f3db",
        "is_verified": false,
        "line_number": 981
      },
      {
        "type": "Secret Keyword",
        "filename": "docs/masworld-specification.md",
        "hashed_secret": "dd2893f8931b4a86fc116faf30e8675e62dd59be",
        "is_verified": false,
        "line_number": 1004
      }
    ],
    "molecule/student_accounts/converge.yml": [
      {
        "type": "Secret Keyword",
        "filename": "molecule/student_accounts/converge.yml",
        "hashed_secret": "3e81048167e72bcda9f8dcae18e13aafc15e4ab1",
        "is_verified": false,
        "line_number": 37
      },
      {
        "type": "Secret Keyword",
        "filename": "molecule/student_accounts/converge.yml",
        "hashed_secret": "c511ba983335aa960f7c04b6081236a15abc3574",
        "is_verified": false,
        "line_number": 38
      },
      {
        "type": "Secret Keyword",
        "filename": "molecule/student_accounts/converge.yml",
        "hashed_secret": "58cd4af8b26ab8c4d6201b155a12d5ee8af2d4d7",
        "is_verified": false,
        "line_number": 39
      }
    ],
    "operations/runbooks/post-event.md": [
      {
        "type": "Base64 High Entropy String",
        "filename": "operations/runbooks/post-event.md",
        "hashed_secret": "99030693253683a2d00b9bbe617f497dc0a648a6",
        "is_verified": false,
        "line_number": 529
      }
    ],
    "operations/runbooks/pre-event.md": [
      {
        "type": "Secret Keyword",
        "filename": "operations/runbooks/pre-event.md",
        "hashed_secret": "d521a4d20a49c36e58b0788f07f2834210ec2c07",
        "is_verified": false,
        "line_number": 1481
      }
    ],
    "public-content/identity/keycloak-oidc-client.yaml": [
      {
        "type": "Secret Keyword",
        "filename": "public-content/identity/keycloak-oidc-client.yaml",
        "hashed_secret": "4828aeee87a0527949cb106d4c50ae10fd333cef",
        "is_verified": false,
        "line_number": 63
      }
    ],
    "roles/config_validation/defaults/main.yml": [
      {
        "type": "Secret Keyword",
        "filename": "roles/config_validation/defaults/main.yml",
        "hashed_secret": "7cb6efb98ba5972a9b5090dc2e517fe14d12cb04",
        "is_verified": false,
        "line_number": 12
      }
    ],
    "roles/identity_demo/defaults/main.yml": [
      {
        "type": "Secret Keyword",
        "filename": "roles/identity_demo/defaults/main.yml",
        "hashed_secret": "146c98d2fdb215e716cbfbae82d86a80743aff6f",
        "is_verified": false,
        "line_number": 9
      }
    ],
    "roles/identity_demo/tasks/main.yml": [
      {
        "type": "Secret Keyword",
        "filename": "roles/identity_demo/tasks/main.yml",
        "hashed_secret": "1703e16efd2f311e9f7cd8c5cfc01c610a9d8b62",
        "is_verified": false,
        "line_number": 166
      }
    ],
    "roles/loki_stack/defaults/main.yml": [
      {
        "type": "Secret Keyword",
        "filename": "roles/loki_stack/defaults/main.yml",
        "hashed_secret": "dd179fd2de85e9bb12ab68157bb5eff445af7ba2",
        "is_verified": false,
        "line_number": 21
      }
    ],
    "roles/mas_prerequisites/tasks/main.yml": [
      {
        "type": "Secret Keyword",
        "filename": "roles/mas_prerequisites/tasks/main.yml",
        "hashed_secret": "d839f6cb3cb953496b6b70409e8871d68ec9f5b3",
        "is_verified": false,
        "line_number": 36
      }
    ],
    "roles/rosa_cluster/defaults/main.yml": [
      {
        "type": "Secret Keyword",
        "filename": "roles/rosa_cluster/defaults/main.yml",
        "hashed_secret": "bfdf5b020caa0d3dc4ae8d87ad13b83fb77cd86f",
        "is_verified": false,
        "line_number": 5
      }
    ],
    "roles/student_accounts/defaults/main.yml": [
      {
        "type": "Secret Keyword",
        "filename": "roles/student_accounts/defaults/main.yml",
        "hashed_secret": "3e81048167e72bcda9f8dcae18e13aafc15e4ab1",
        "is_verified": false,
        "line_number": 28
      },
      {
        "type": "Secret Keyword",
        "filename": "roles/student_accounts/defaults/main.yml",
        "hashed_secret": "c511ba983335aa960f7c04b6081236a15abc3574",
        "is_verified": false,
        "line_number": 31
      },
      {
        "type": "Secret Keyword",
        "filename": "roles/student_accounts/defaults/main.yml",
        "hashed_secret": "58cd4af8b26ab8c4d6201b155a12d5ee8af2d4d7",
        "is_verified": false,
        "line_number": 32
      }
    ],
    "roles/student_accounts/tasks/main.yml": [
      {
        "type": "Secret Keyword",
        "filename": "roles/student_accounts/tasks/main.yml",
        "hashed_secret": "9d15f990e7c4eae1125b11b9e3618a3aaaf66708",
        "is_verified": false,
        "line_number": 205
      }
    ],
    "scripts/generate-credentials-template.sh": [
      {
        "type": "Secret Keyword",
        "filename": "scripts/generate-credentials-template.sh",
        "hashed_secret": "b7cc0748b4282ace5f9aeec50119802557985cc5",
        "is_verified": false,
        "line_number": 35
      }
    ],
    "showroom/runtime-automation/identity/solve.yml": [
      {
        "type": "Secret Keyword",
        "filename": "showroom/runtime-automation/identity/solve.yml",
        "hashed_secret": "2fb379d92dc8c2b068fee89334d4ebf003b0566b",
        "is_verified": false,
        "line_number": 176
      }
    ],
    "tests/conftest.py": [
      {
        "type": "Secret Keyword",
        "filename": "tests/conftest.py",
        "hashed_secret": "beef5e8ffa2d189efa62bfe4234c4426c2a20784",
        "is_verified": false,
        "line_number": 86
      }
    ],
    "tests/test_filters.py": [
      {
        "type": "Secret Keyword",
        "filename": "tests/test_filters.py",
        "hashed_secret": "1bb922077335cf9d603bb0e951d91de3b9aeb367",
        "is_verified": false,
        "line_number": 143
      },
      {
        "type": "Secret Keyword",
        "filename": "tests/test_filters.py",
        "hashed_secret": "2e154fc057c19654bc01a8571affa4700463a269",
        "is_verified": false,
        "line_number": 283
      }
    ],
    "tests/unit/test_config_loader.py": [
      {
        "type": "Secret Keyword",
        "filename": "tests/unit/test_config_loader.py",
        "hashed_secret": "a761ce3a45d97e41840a788495e85a70d1bb3815",
        "is_verified": false,
        "line_number": 42
      },
      {
        "type": "Secret Keyword",
        "filename": "tests/unit/test_config_loader.py",
        "hashed_secret": "31a8a16041b97693bc838928b53e669607ceafd0",
        "is_verified": false,
        "line_number": 47
      },
      {
        "type": "Secret Keyword",
        "filename": "tests/unit/test_config_loader.py",
        "hashed_secret": "118c413f3fc929a1624f4c3e1da1e3d24377a693",
        "is_verified": false,
        "line_number": 52
      },
      {
        "type": "Hex High Entropy String",
        "filename": "tests/unit/test_config_loader.py",
        "hashed_secret": "2dc5053699a351121bf839c446bd4a878dda5735",
        "is_verified": false,
        "line_number": 62
      },
      {
        "type": "Secret Keyword",
        "filename": "tests/unit/test_config_loader.py",
        "hashed_secret": "2dc5053699a351121bf839c446bd4a878dda5735",
        "is_verified": false,
        "line_number": 62
      }
    ],
    "tests/unit/test_config_validation.py": [
      {
        "type": "Secret Keyword",
        "filename": "tests/unit/test_config_validation.py",
        "hashed_secret": "c1353e7eccc20f18d9b87f0da1d3f0b053c3b33c",
        "is_verified": false,
        "line_number": 37
      },
      {
        "type": "Secret Keyword",
        "filename": "tests/unit/test_config_validation.py",
        "hashed_secret": "84ef805021072a7444586f2926842d9c9dc8532a",
        "is_verified": false,
        "line_number": 49
      },
      {
        "type": "Secret Keyword",
        "filename": "tests/unit/test_config_validation.py",
        "hashed_secret": "a804271ccc3a3d524d4de1aea937e9030bb791cb",
        "is_verified": false,
        "line_number": 57
      },
      {
        "type": "Secret Keyword",
        "filename": "tests/unit/test_config_validation.py",
        "hashed_secret": "81848aff2a17ce067d1a7c1f11fdf73e515cd740",
        "is_verified": false,
        "line_number": 94
      },
      {
        "type": "Secret Keyword",
        "filename": "tests/unit/test_config_validation.py",
        "hashed_secret": "016c2682ebbbac43e455708674996f7a2ed6ccd6",
        "is_verified": false,
        "line_number": 138
      }
    ],
    "tests/unit/test_secret_provider.py": [
      {
        "type": "Secret Keyword",
        "filename": "tests/unit/test_secret_provider.py",
        "hashed_secret": "9d6c12da2e9855a4c055378cb19ffe96f2d1b429",
        "is_verified": false,
        "line_number": 50
      },
      {
        "type": "Secret Keyword",
        "filename": "tests/unit/test_secret_provider.py",
        "hashed_secret": "7288edd0fc3ffcbe93a0cf06e3568e28521687bc",
        "is_verified": false,
        "line_number": 60
      }
    ]
  },
  "generated_at": "2026-07-24T16:52:56Z"
}
